2026-09-23T10:02:37.199-03:00  INFO 12700 --- [libraryapi] [main] i.g.patrickbg.libraryapi.Application     : Starting Application using Java 21.0.10 with PID 12700 (D:\coding\projects_java\Intellij\libraryapi\target\classes started by LzzGames in D:\coding\projects_java\Intellij\libraryapi)
2026-09-23T10:02:37.206-03:00 DEBUG 12700 --- [libraryapi] [main] i.g.patrickbg.libraryapi.Application     : Running with Spring Boot v4.1.0, Spring v7.0.8
2026-09-23T10:02:37.206-03:00  INFO 12700 --- [libraryapi] [main] i.g.patrickbg.libraryapi.Application     : The following 1 profile is active: "default"
2026-09-23T10:02:39.400-03:00  INFO 12700 --- [libraryapi] [main] i.g.p.l.config.DatabaseConfiguration     : Iniciando conexão com o banco na URL: jdbc:postgresql://localhost:5433/library
2026-09-23T10:02:39.421-03:00  WARN 12700 --- [libraryapi] [main] com.zaxxer.hikari.HikariConfig           : library-db-pool - idleTimeout is close to or more than maxLifetime, disabling it.
2026-09-23T10:02:41.442-03:00 DEBUG 12700 --- [libraryapi] [main] o.s.w.f.ServerHttpObservationFilter      : Filter 'webMvcObservationFilter' configured for use
2026-09-23T10:02:41.443-03:00 DEBUG 12700 --- [libraryapi] [main] o.s.w.s.r.ResourceUrlEncodingFilter      : Filter 'resourceUrlEncodingFilter' configured for use
2026-09-23T10:02:41.443-03:00 DEBUG 12700 --- [libraryapi] [main] i.g.p.l.s.JwtCustomAuthenticationFilter  : Filter 'jwtCustomAuthenticationFilter' configured for use
2026-09-23T10:02:42.352-03:00  WARN 12700 --- [libraryapi] [main] JpaBaseConfiguration$JpaWebConfiguration : spring.jpa.open-in-view is enabled by default. Therefore, database queries may be performed during view rendering. Explicitly configure spring.jpa.open-in-view to disable this warning
2026-09-23T10:02:42.369-03:00 TRACE 12700 --- [libraryapi] [main] eGlobalAuthenticationAutowiredConfigurer : Eagerly initializing {authorizationServerConfiguration=io.github.patrickbg.libraryapi.config.AuthorizationServerConfiguration$$SpringCGLIB$$0@3695e4f2, securityConfiguration=io.github.patrickbg.libraryapi.config.SecurityConfiguration$$SpringCGLIB$$0@ba4c99c}
2026-09-23T10:02:42.370-03:00  INFO 12700 --- [libraryapi] [main] eAuthenticationProviderManagerConfigurer : Global AuthenticationManager configured with AuthenticationProvider bean with name customAuthenticationProvider
2026-09-23T10:02:42.370-03:00  WARN 12700 --- [libraryapi] [main] r$InitializeUserDetailsManagerConfigurer : Global AuthenticationManager configured with an AuthenticationProvider bean. UserDetailsService beans will not be used by Spring Security for automatically configuring username/password login. Consider removing the AuthenticationProvider bean. Alternatively, consider using the UserDetailsService in a manually instantiated DaoAuthenticationProvider. If the current configuration is intentional, to turn off this warning, increase the logging level of 'org.springframework.security.config.annotation.authentication.configuration.InitializeUserDetailsBeanManagerConfigurer' to ERROR
2026-09-23T10:02:44.331-03:00 DEBUG 12700 --- [libraryapi] [main] o.s.s.web.DefaultSecurityFilterChain     : Will secure org.springframework.security.config.annotation.web.configurers.oauth2.server.authorization.OAuth2AuthorizationServerConfigurer$$Lambda/0x0000027726d3d6a0@266e0341 with filters: DisableEncodeUrlFilter, WebAsyncManagerIntegrationFilter, SecurityContextHolderFilter, AuthorizationServerContextFilter, HeaderWriterFilter, CsrfFilter, OidcLogoutEndpointFilter, LogoutFilter, OAuth2AuthorizationServerMetadataEndpointFilter, OAuth2AuthorizationCodeRequestValidatingFilter, OidcProviderConfigurationEndpointFilter, NimbusJwkSetEndpointFilter, OAuth2ProtectedResourceMetadataFilter, OAuth2ClientAuthenticationFilter, BearerTokenAuthenticationFilter, RequestCacheAwareFilter, SecurityContextHolderAwareRequestFilter, AnonymousAuthenticationFilter, ExceptionTranslationFilter, AuthorizationFilter, OAuth2AuthorizationEndpointFilter, OAuth2TokenEndpointFilter, OAuth2TokenIntrospectionEndpointFilter, OAuth2TokenRevocationEndpointFilter, OidcUserInfoEndpointFilter
2026-09-23T10:02:44.462-03:00 DEBUG 12700 --- [libraryapi] [main] o.s.s.web.DefaultSecurityFilterChain     : Will secure any request with filters: DisableEncodeUrlFilter, WebAsyncManagerIntegrationFilter, SecurityContextHolderFilter, HeaderWriterFilter, LogoutFilter, OAuth2AuthorizationRequestRedirectFilter, OAuth2ProtectedResourceMetadataFilter, OAuth2LoginAuthenticationFilter, UsernamePasswordAuthenticationFilter, BearerTokenAuthenticationFilter, JwtCustomAuthenticationFilter, RequestCacheAwareFilter, SecurityContextHolderAwareRequestFilter, AnonymousAuthenticationFilter, ExceptionTranslationFilter, AuthorizationFilter
2026-09-23T10:02:44.469-03:00  WARN 12700 --- [libraryapi] [main] o.s.s.c.a.web.builders.WebSecurity       : You are asking Spring Security to ignore PathPattern [/v2/api-docs/**]. This is not recommended -- please use permitAll via HttpSecurity#authorizeHttpRequests instead.
2026-09-23T10:02:44.470-03:00 DEBUG 12700 --- [libraryapi] [main] o.s.s.web.DefaultSecurityFilterChain     : Will not secure PathPattern [/v2/api-docs/**]
2026-09-23T10:02:44.470-03:00  WARN 12700 --- [libraryapi] [main] o.s.s.c.a.web.builders.WebSecurity       : You are asking Spring Security to ignore PathPattern [/v3/api-docs/**]. This is not recommended -- please use permitAll via HttpSecurity#authorizeHttpRequests instead.
2026-09-23T10:02:44.470-03:00 DEBUG 12700 --- [libraryapi] [main] o.s.s.web.DefaultSecurityFilterChain     : Will not secure PathPattern [/v3/api-docs/**]
2026-09-23T10:02:44.470-03:00  WARN 12700 --- [libraryapi] [main] o.s.s.c.a.web.builders.WebSecurity       : You are asking Spring Security to ignore PathPattern [/swagger-resources/**]. This is not recommended -- please use permitAll via HttpSecurity#authorizeHttpRequests instead.
2026-09-23T10:02:44.470-03:00 DEBUG 12700 --- [libraryapi] [main] o.s.s.web.DefaultSecurityFilterChain     : Will not secure PathPattern [/swagger-resources/**]
2026-09-23T10:02:44.470-03:00  WARN 12700 --- [libraryapi] [main] o.s.s.c.a.web.builders.WebSecurity       : You are asking Spring Security to ignore PathPattern [/swagger-ui.html]. This is not recommended -- please use permitAll via HttpSecurity#authorizeHttpRequests instead.
2026-09-23T10:02:44.470-03:00 DEBUG 12700 --- [libraryapi] [main] o.s.s.web.DefaultSecurityFilterChain     : Will not secure PathPattern [/swagger-ui.html]
2026-09-23T10:02:44.470-03:00  WARN 12700 --- [libraryapi] [main] o.s.s.c.a.web.builders.WebSecurity       : You are asking Spring Security to ignore PathPattern [/swagger-ui/**]. This is not recommended -- please use permitAll via HttpSecurity#authorizeHttpRequests instead.
2026-09-23T10:02:44.470-03:00 DEBUG 12700 --- [libraryapi] [main] o.s.s.web.DefaultSecurityFilterChain     : Will not secure PathPattern [/swagger-ui/**]
2026-09-23T10:02:44.470-03:00  WARN 12700 --- [libraryapi] [main] o.s.s.c.a.web.builders.WebSecurity       : You are asking Spring Security to ignore PathPattern [/webjars/**]. This is not recommended -- please use permitAll via HttpSecurity#authorizeHttpRequests instead.
2026-09-23T10:02:44.470-03:00 DEBUG 12700 --- [libraryapi] [main] o.s.s.web.DefaultSecurityFilterChain     : Will not secure PathPattern [/webjars/**]
2026-09-23T10:02:44.471-03:00  WARN 12700 --- [libraryapi] [main] o.s.s.c.a.web.builders.WebSecurity       : You are asking Spring Security to ignore PathPattern [/actuator/**]. This is not recommended -- please use permitAll via HttpSecurity#authorizeHttpRequests instead.
2026-09-23T10:02:44.471-03:00 DEBUG 12700 --- [libraryapi] [main] o.s.s.web.DefaultSecurityFilterChain     : Will not secure PathPattern [/actuator/**]
2026-09-23T10:02:44.580-03:00 DEBUG 12700 --- [libraryapi] [main] s.w.s.m.m.a.RequestMappingHandlerMapping : 21 mappings in 'requestMappingHandlerMapping'
2026-09-23T10:02:44.602-03:00 DEBUG 12700 --- [libraryapi] [main] o.s.w.s.handler.SimpleUrlHandlerMapping  : Patterns [/login] in 'viewControllerHandlerMapping'
2026-09-23T10:02:44.645-03:00 DEBUG 12700 --- [libraryapi] [main] o.s.w.s.handler.SimpleUrlHandlerMapping  : Patterns [/swagger-ui/**, /swagger-ui/*index.html, /swagger-ui/*swagger-initializer.js, /webjars/*swagger-ui/**, /webjars/*swagger-ui/*index.html, /webjars/*swagger-ui/5.32.14/*index.html, /webjars/*swagger-ui/*swagger-initializer.js, /webjars/*swagger-ui/5.32.14/*swagger-initializer.js] in 'resourceHandlerMapping'
2026-09-23T10:02:44.688-03:00 DEBUG 12700 --- [libraryapi] [main] s.w.s.m.m.a.RequestMappingHandlerAdapter : ControllerAdvice beans: 0 @ModelAttribute, 0 @InitBinder, 2 RequestBodyAdvice, 1 ResponseBodyAdvice
2026-09-23T10:02:44.767-03:00 DEBUG 12700 --- [libraryapi] [main] .m.m.a.ExceptionHandlerExceptionResolver : ControllerAdvice beans: 2 @ExceptionHandler, 1 ResponseBodyAdvice
2026-09-23T10:02:45.386-03:00 DEBUG 12700 --- [libraryapi] [main] s.w.s.m.m.a.RequestMappingHandlerMapping : 1 mappings in 'requestMappingHandlerMapping'
2026-09-23T10:02:45.388-03:00 DEBUG 12700 --- [libraryapi] [main] o.s.w.s.handler.SimpleUrlHandlerMapping  : Patterns [/login] in 'viewControllerHandlerMapping'
2026-09-23T10:02:45.391-03:00 DEBUG 12700 --- [libraryapi] [main] o.s.w.s.handler.SimpleUrlHandlerMapping  : Patterns [/swagger-ui/**, /swagger-ui/*index.html, /swagger-ui/*swagger-initializer.js, /webjars/*swagger-ui/**, /webjars/*swagger-ui/*index.html, /webjars/*swagger-ui/5.32.14/*index.html, /webjars/*swagger-ui/*swagger-initializer.js, /webjars/*swagger-ui/5.32.14/*swagger-initializer.js] in 'resourceHandlerMapping'
2026-09-23T10:02:45.398-03:00 DEBUG 12700 --- [libraryapi] [main] s.w.s.m.m.a.RequestMappingHandlerAdapter : ControllerAdvice beans: 0 @ModelAttribute, 0 @InitBinder, 2 RequestBodyAdvice, 1 ResponseBodyAdvice
2026-09-23T10:02:45.413-03:00  INFO 12700 --- [libraryapi] [main] i.g.patrickbg.libraryapi.Application     : Started Application in 8.75 seconds (process running for 9.245)
2026-09-23T10:02:45.485-03:00  WARN 12700 --- [libraryapi] [main] o.s.core.events.SpringDocAppInitializer  : SpringDoc /v3/api-docs endpoint is enabled by default. To disable it in production, set the property 'springdoc.api-docs.enabled=false'
2026-09-23T10:02:45.485-03:00  WARN 12700 --- [libraryapi] [main] o.s.core.events.SpringDocAppInitializer  : SpringDoc /swagger-ui.html endpoint is enabled by default. To disable it in production, set the property 'springdoc.swagger-ui.enabled=false'
